// Jest Snapshot v1, https://goo.gl/fbAQLP

exports[`TextInsertion Test Suite should render the TextInsertion component 1`] = `
<div>
  <div
    class="___vu2z5u0_0000000 f122n59 f22iagw f1vx9l62"
  >
    <div
      class="fui-Field ___12ib90y_90s7z80 f13qh94s f140knbv f12lm4oi fzaimmi f1x6dt3l f1s01aqp"
    >
      <label
        class="fui-Label fui-Field__label ___yi16cv0_1g3uqb5 fk6fouc f19n0e5 fod5ikn faaz57k fl43uef f1sl3k7w f1brlhvm f8l5zjj"
        for="field-r0__control"
        id="field-r0__label"
      >
        Enter text to be inserted into the document.
      </label>
      <span
        class="fui-Textarea ___yvnocc0_ob5ctq0 ftuwxu6 f1ewtqcl f10pi13n f1g0x7ka fhxju0i f1ean75l f1cnd47f f1hu3pq6 f11qmguv f19f4twv f1tyq0we f1aa9q02 f16jpd5f f1jar5jt fyu767a fxugw4r f192inf7 f5tn483 f1vxd6vx f1ojsxk5 fzkkow9 fcdblym fg706s2 fjik90z fj3muxo f1akhkt f1c1zstj f1lxtadh f1gw3sf2 f13zj6fq f1mdlcz9 f1a7op3 f1gboi2j f1cjjd47 ffyw7fx f1kp91vd f1ibwz09 f14pi962 f1lh990p f1jc6hxc fj2g8qd f1yk9hq fhwpy7i f14ee0xe f1xhbsuh fv8e3ye ftb5wc6 fjw5xc1 f1xdyd5c fatpbeo fb7uyps f1cmft4k f1x58t8o f1ibeo51 f1vnc8sk f3e99gv fhljsf7 f7ic3uo f1omjgsz fn6xmsl f1snvl17 f1sn8sm0 f1wovo5e fm0h710 f716mnf fvcxoqz f1ub3y4t f1l4zc64 f1m52nbi fk7lb2a f1knhbbd f15pjvi3 f17itt0b f6ginmj f1grcyuh fk1xjsr fgzu20w fvs00aa f1assf6x f1z0osm6 f4ruux4 fu7v4fk f1fnaxjy f7hodha fwory1w f8jkv7v f1f3jaeo f19usxel fh8au0q f12oevn0 fvdgz8d f1so894s f1cq0lt5"
      >
        <textarea
          class="fui-Textarea__textarea ___ak9sjz0_1rlnea0 f1ern45e f1n71otn f1h8hb77 f1deefiw f1hu3pq6 f11qmguv f19f4twv f1tyq0we f3rmtva f1ewtqcl f19n0e5 fqerorx fk6fouc f1l02sjl fwyc1cq f13ta7ih f1vw9udw fbb3kq8 f1s6fcnf f1kfson f1kwiid1 fcgl2c4 f5b47ha f1anj20m f3kip1f fod5ikn figsok6 faaz57k f1o1s39h"
          id="field-r0__control"
        >
          Some text.
        </textarea>
      </span>
    </div>
    <div
      class="fui-Field ___n4oika0_19638wr f13qh94s fl43uef f1dl2k97 f7w72kx"
    >
      Click the button to insert text.
    </div>
    <button
      class="fui-Button r1alrhcs ___nlga5i0_1mndu4f ffp7eso f1p3nwhy f11589ue f1q5o8ev f1pdflbu f1phragk f15wkkf3 f1s2uweq fr80ssc f1ukrpxl fecsdlb f1rq72xc fnp9lpt f1h0usnq fs4ktlq f16h9ulv fx2bmrt f1d6v5y2 f1rirnrt f1uu00uk fkvaka8 f1ux7til f9a0qzu f1lkg8j3 fkc42ay fq7113v ff1wgvm fiob0tu f1j6scgf f1x4h75k f4xjyn1 fbgcvur f1ks1yx8 f1o6qegi fcnxywj fmxjhhp f9ddjv3 f14es27b fp9bwmr fjodcmx f150uoa4 fhx4nu f1aa9q02 f16jpd5f f1jar5jt fyu767a fod5ikn fl43uef faaz57k f17t0x8g f194v5ow f1qgg65p fk7jm04 fhgccpy f32wu9k fu5nqqq f13prjl2 f1czftr5 f1nl83rv f12k37oa fr96u23 ft3lys4 f1la4x2g f156y0zm fakimq4"
      type="button"
    >
      Insert text
    </button>
  </div>
</div>
`;
